// Jest Snapshot v1, https://goo.gl/fbAQLP

exports[`App component testing renders correctly 1`] = `ShallowWrapper {}`;

exports[`First React component test with Enzyme renders correctly 1`] = `ShallowWrapper {}`;
